// components/SocialIcons.tsx

import Link from "next/link"
import {
  FaYoutube,
  FaInstagram,
  FaFacebook,
  FaXTwitter,
  FaThreads,
  FaTelegram,
  FaMastodon,
  FaDiscord,
  FaGithub,
} from "react-icons/fa6"
import { SiBluesky } from "react-icons/si"
import { cn } from "@/lib/utils"

export type SocialVariant = "color" | "monochrome"

export interface SocialPlatform {
  label: string
  href: string
  icon: React.ComponentType<{ size?: number }>
  color?: string // Tailwind class or HEX
}

export const defaultPlatforms: SocialPlatform[] = [
  {
    label: "YouTube",
    href: "https://www.youtube.com/@flavorstudios",
    icon: FaYoutube,
    color: "text-red-600",
  },
  {
    label: "Instagram",
    href: "https://www.instagram.com/flavorstudios",
    icon: FaInstagram,
    color: "text-pink-500",
  },
  {
    label: "Facebook",
    href: "https://www.facebook.com/flavourstudios",
    icon: FaFacebook,
    color: "text-blue-600",
  },
  {
    label: "X",
    href: "https://twitter.com/flavor_studios",
    icon: FaXTwitter,
    color: "text-white",
  },
  {
    label: "Threads",
    href: "https://www.threads.net/@flavorstudios",
    icon: FaThreads,
    color: "text-white",
  },
  {
    label: "Bluesky",
    href: "https://bsky.app/profile/flavorstudios.in",
    icon: SiBluesky,
    color: "text-sky-600",
  },
  {
    label: "Telegram",
    href: "https://t.me/flavorstudios",
    icon: FaTelegram,
    color: "text-blue-400",
  },
  {
    label: "Mastodon",
    href: "https://mastodon.social/@flavorstudios",
    icon: FaMastodon,
    color: "text-purple-600",
  },
  {
    label: "Discord",
    href: "https://discord.gg/agSZAAeRzn",
    icon: FaDiscord,
    color: "text-indigo-500",
  },
  {
    label: "GitHub",
    href: "https://github.com/flavorstudios",
    icon: FaGithub,
    color: "text-white",
  },
]

export interface SocialIconsProps {
  size?: number
  className?: string
  variant?: SocialVariant
  platforms?: SocialPlatform[]
}

export function SocialIcons({
  size = 24,
  className,
  variant = "color",
  platforms = defaultPlatforms,
}: SocialIconsProps) {
  return (
    <div className={cn("flex items-center gap-2", className)}>
      {platforms.map(({ label, href, icon: Icon, color }) => (
        <Link
          key={label}
          href={href}
          aria-label={label}
          target="_blank"
          rel="noopener noreferrer"
          className={cn(
            "flex h-8 w-8 items-center justify-center rounded transition-transform duration-200 hover:scale-110 hover:shadow-[0_0_8px_currentColor] text-white hover:text-white",
            // Only apply color if variant is color and color is defined
            variant === "color" && color ? color : undefined
          )}
        >
          <Icon size={size} />
        </Link>
      ))}
    </div>
  )
}
