// Jest Snapshot v1, https://jestjs.io/docs/snapshot-testing

exports[`AdminHeader matches snapshot 1`] = `
<div>
  <a
    class="sr-only focus:not-sr-only focus:absolute focus:top-2 focus:left-2 focus:z-50 focus:rounded focus:bg-primary focus:text-primary-foreground focus:p-2 focus:outline-none focus:ring"
    href="#main"
  >
    Skip to main content
  </a>
  <header
    class="sticky top-0 z-40 h-16 md:h-20 px-4 flex items-center border-b pt-[env(safe-area-inset-top)] backdrop-blur supports-[backdrop-filter]:bg-white/70 dark:supports-[backdrop-filter]:bg-zinc-900/70 motion-reduce:transition-none motion-reduce:backdrop-filter-none"
    role="banner"
  >
    <div
      class="flex items-center w-full gap-2 sm:gap-4"
    >
      <button
        aria-controls="admin-sidebar"
        aria-expanded="false"
        aria-label="Open sidebar"
        class="inline-flex items-center justify-center gap-2 whitespace-nowrap text-sm font-medium ring-offset-background transition-colors focus-visible:ring-ring disabled:pointer-events-none disabled:opacity-50 [&_svg]:pointer-events-none [&_svg]:size-4 [&_svg]:shrink-0 hover:bg-accent hover:text-accent-foreground h-9 lg:hidden min-h-11 px-4 rounded-lg focus-visible:outline-none focus-visible:ring-2 focus-visible:ring-offset-2"
        type="button"
      >
        <svg
          aria-hidden="true"
          class="lucide lucide-menu h-5 w-5"
          fill="none"
          height="24"
          stroke="currentColor"
          stroke-linecap="round"
          stroke-linejoin="round"
          stroke-width="2"
          viewBox="0 0 24 24"
          width="24"
          xmlns="http://www.w3.org/2000/svg"
        >
          <line
            x1="4"
            x2="20"
            y1="12"
            y2="12"
          />
          <line
            x1="4"
            x2="20"
            y1="6"
            y2="6"
          />
          <line
            x1="4"
            x2="20"
            y1="18"
            y2="18"
          />
        </svg>
      </button>
      <div
        class="flex-1 flex justify-center px-2"
      >
        <input
          class="flex h-10 rounded-md border border-input bg-background px-3 py-2 text-base ring-offset-background file:border-0 file:bg-transparent file:text-sm file:font-medium file:text-foreground placeholder:text-muted-foreground focus-visible:outline-none focus-visible:ring-2 focus-visible:ring-ring focus-visible:ring-offset-2 disabled:cursor-not-allowed disabled:opacity-50 md:text-sm w-full max-w-md"
          placeholder="Search..."
          type="search"
          value=""
        />
      </div>
      <div
        class="flex items-center gap-2 sm:gap-4"
      >
        <button
          aria-label="Open live site in a new tab"
          class="justify-center whitespace-nowrap text-sm font-medium ring-offset-background transition-colors focus-visible:ring-ring disabled:pointer-events-none disabled:opacity-50 [&_svg]:pointer-events-none [&_svg]:size-4 [&_svg]:shrink-0 border border-input bg-background hover:bg-accent hover:text-accent-foreground h-9 hidden md:flex items-center gap-2 min-h-11 px-4 rounded-lg focus-visible:outline-none focus-visible:ring-2 focus-visible:ring-offset-2"
          type="button"
        >
          <svg
            aria-hidden="true"
            class="lucide lucide-external-link h-4 w-4"
            fill="none"
            height="24"
            stroke="currentColor"
            stroke-linecap="round"
            stroke-linejoin="round"
            stroke-width="2"
            viewBox="0 0 24 24"
            width="24"
            xmlns="http://www.w3.org/2000/svg"
          >
            <path
              d="M15 3h6v6"
            />
            <path
              d="M10 14 21 3"
            />
            <path
              d="M18 13v6a2 2 0 0 1-2 2H5a2 2 0 0 1-2-2V8a2 2 0 0 1 2-2h6"
            />
          </svg>
          View Site
        </button>
        <button
          aria-label="Save"
          class="inline-flex items-center justify-center gap-2 whitespace-nowrap text-sm font-medium ring-offset-background transition-colors focus-visible:outline-none focus-visible:ring-2 focus-visible:ring-ring focus-visible:ring-offset-2 disabled:pointer-events-none disabled:opacity-50 [&_svg]:pointer-events-none [&_svg]:size-4 [&_svg]:shrink-0 bg-primary text-primary-foreground hover:bg-primary/90 h-9 rounded-md min-h-9 px-4"
          type="button"
        >
          Save
        </button>
        <button
          aria-label="Toggle theme"
          aria-pressed="false"
          class="inline-flex items-center justify-center gap-2 whitespace-nowrap text-sm font-medium ring-offset-background transition-colors focus-visible:outline-none focus-visible:ring-2 focus-visible:ring-ring focus-visible:ring-offset-2 disabled:pointer-events-none disabled:opacity-50 [&_svg]:pointer-events-none [&_svg]:size-4 [&_svg]:shrink-0 hover:bg-accent hover:text-accent-foreground h-9 rounded-md px-3 focus:outline-none focus:ring"
          title="Toggle theme (currently light)"
          type="button"
        >
          <svg
            aria-hidden="true"
            class="lucide lucide-moon h-4 w-4"
            fill="none"
            height="24"
            stroke="currentColor"
            stroke-linecap="round"
            stroke-linejoin="round"
            stroke-width="2"
            viewBox="0 0 24 24"
            width="24"
            xmlns="http://www.w3.org/2000/svg"
          >
            <path
              d="M12 3a6 6 0 0 0 9 9 9 9 0 1 1-9-9Z"
            />
          </svg>
          <span
            class="sr-only"
          >
            Switch to 
            dark
             theme
          </span>
        </button>
        <button
          aria-expanded="false"
          aria-haspopup="menu"
          aria-label="User menu"
          class="inline-flex items-center justify-center gap-2 whitespace-nowrap text-sm font-medium ring-offset-background transition-colors focus-visible:outline-none focus-visible:ring-2 focus-visible:ring-ring focus-visible:ring-offset-2 disabled:pointer-events-none disabled:opacity-50 [&_svg]:pointer-events-none [&_svg]:size-4 [&_svg]:shrink-0 hover:bg-accent hover:text-accent-foreground h-9 rounded-full px-1 focus-visible:outline-none focus-visible:ring-2 focus-visible:ring-offset-2"
          data-state="closed"
          id="radix-«r0»"
          type="button"
        >
          <span
            class="relative flex shrink-0 overflow-hidden rounded-full h-8 w-8"
          >
            <span
              class="flex h-full w-full items-center justify-center rounded-full bg-muted"
            >
              AD
            </span>
          </span>
        </button>
      </div>
    </div>
  </header>
</div>
`;
